src/screens/CommunityScreen.tsx(24,17): error TS17002: Expected corresponding JSX closing tag for 'View'.
